// Jest Snapshot v1, https://goo.gl/fbAQLP

exports[`snapshot build WebsiteCardIntroduction 1`] = `
<div>
  <div
    class="css-gmuwbf"
  >
    <div
      class="chakra-linkbox css-gfjtic"
    >
      <div
        class="css-da13x"
      >
        <div
          class="chakra-stack css-whissx"
        >
          <h4
            class="css-zx51qw"
          >
            <a
              class="chakra-linkbox__overlay css-1hnz6hu"
              href="https://humble-blog.vercel.app/"
              target="_blank"
            >
              向之礼的个人博客
            </a>
          </h4>
          <div
            class="css-0"
          >
            <p
              class="chakra-text css-1s2aj5y"
            >
              一个打工人的个人博客小站
            </p>
          </div>
          <div
            class="chakra-stack css-k7bpxb"
          >
            <img
              alt="website card icon"
              class="chakra-image css-f6brzi"
              src="https://t3.gstatic.com/faviconV2?client=SOCIAL&type=FAVICON&fallback_opts=TYPE,SIZE,URL&url=https://humble-blog.vercel.app/&size=16"
            />
            <p
              class="chakra-text css-m70ba5"
            >
              https://humble-blog.vercel.app/
            </p>
          </div>
        </div>
        <img
          alt="website card image"
          class="chakra-image css-1nvrwv4"
          src="https://images.weserv.nl/?url=https://humble-blog.vercel.app/images/avatar.jpg"
        />
      </div>
    </div>
  </div>
</div>
`;

exports[`snapshot build WebsiteCardIntroductionLoading 1`] = `
<div>
  <div
    class="css-gmuwbf"
  >
    <div
      class="css-1y8o4jq"
    >
      <div
        class="chakra-stack css-whissx"
      >
        <div
          class="chakra-skeleton css-16lwe9v"
        />
        <div
          class="chakra-skeleton css-1ou8gbg"
        />
        <div
          class="chakra-skeleton css-80kv3h"
        />
      </div>
      <div
        class="chakra-skeleton css-i2ejzm"
      />
    </div>
  </div>
</div>
`;
